
> faculty-credit-system@1.0.0 test
> jest --coverage

cmd.exe : PASS tests/unit/generateID.test.js
At line:1 char:1
+ cmd.exe /c npm test -- --coverage > test-report.txt 2>&1
+ ~~~~~~~~~~~~~~~~~~~~~~~~~~~~~~~~~~~~~~~~~~~~~~~~~~~~~~~~
    + CategoryInfo          : NotSpecified: (PASS tests/unit/generateID.test.js:String) [], RemoteException
    + FullyQualifiedErrorId : NativeCommandError
 
PASS tests/unit/db.test.js
  ÔùÅ Console

    console.log
      Ô£à Connected to DynamoDB (undefined)

      at log (config/db.js:27:11)

PASS tests/unit/authMiddleware.test.js
  ÔùÅ Console

    console.log
      [dotenv@17.2.3] injecting env (45) from .env -- tip: ÔÜÖ´©Å  load multiple .env files with { path: 
['.env.local', '.env'] }

      at _log (node_modules/dotenv/lib/main.js:142:11)

(node:37704) [DEP0040] DeprecationWarning: The `punycode` module is deprecated. Please use a userland alternative 
instead.
(Use `node --trace-deprecation ...` to show where the warning was created)
[0mGET /health [32m200[0m 474.437 ms - 34[0m
[0mGET / [36m302[0m 2.857 ms - 74[0m
PASS tests/api/health.test.js
  ÔùÅ Console

    console.log
      [dotenv@17.2.3] injecting env (45) from .env -- tip: ÔÜÖ´©Å  override existing env vars with { override: true }

      at _log (node_modules/dotenv/lib/main.js:142:11)

    console.log
      [dotenv@17.2.3] injecting env (0) from .env -- tip: ƒæÑ sync secrets across teammates & machines: 
https://dotenvx.com/ops

      at _log (node_modules/dotenv/lib/main.js:142:11)

    console.log
      [dotenv@17.2.3] injecting env (0) from .env -- tip: Ô£à audit secrets and track compliance: 
https://dotenvx.com/ops

      at _log (node_modules/dotenv/lib/main.js:142:11)

    console.log
      [dotenv@17.2.3] injecting env (0) from .env -- tip: ­ƒöæ add access controls to secrets: https://dotenvx.com/ops

      at _log (node_modules/dotenv/lib/main.js:142:11)

    console.log
      [dotenv@17.2.3] injecting env (0) from .env -- tip: ƒöä add secrets lifecycle management: https://dotenvx.com/ops

      at _log (node_modules/dotenv/lib/main.js:142:11)

    console.log
      [dotenv@17.2.3] injecting env (0) from .env -- tip: ÔÜÖ´©Å  override existing env vars with { override: true }

      at _log (node_modules/dotenv/lib/main.js:142:11)

    console.log
      [dotenv@17.2.3] injecting env (0) from .env -- tip: ­ƒöæ add access controls to secrets: https://dotenvx.com/ops

      at _log (node_modules/dotenv/lib/main.js:142:11)

    console.error
      ÔØî Failed to initialize Firebase Admin: Unexpected token '´┐¢', "´┐¢*^´┐¢´┐¢´┐¢Ã┐i´┐¢("... is not valid JSON

    [0m [90m 26 |[39m     }
     [90m 27 |[39m } [36mcatch[39m (error) {
    [31m[1m>[22m[39m[90m 28 |[39m     console[33m.[39merror([32m'ÔØî Failed to initialize Firebase 
Admin:'[39m[33m,[39m error[33m.[39mmessage)[33m;[39m
     [90m    |[39m             [31m[1m^[22m[39m
     [90m 29 |[39m }
     [90m 30 |[39m
     [90m 31 |[39m [90m/**[39m[0m

      at Object.error (utils/firebase.js:28:13)
      at Object.require (Controllers/pushController.js:8:33)
      at Object.require (Controllers/creditController.js:10:28)
      at Object.require (Routes/creditRoutes.js:22:5)
      at Object.require (server.js:16:22)
      at Object.require (tests/api/health.test.js:2:13)

    console.log
      [dotenv@17.2.3] injecting env (0) from .env -- tip: ÔÜÖ´©Å  enable debug logging with { debug: true }

      at _log (node_modules/dotenv/lib/main.js:142:11)

    console.log
      [dotenv@17.2.3] injecting env (0) from .env -- tip: ÔÜÖ´©Å  override existing env vars with { override: true }

      at _log (node_modules/dotenv/lib/main.js:142:11)

-----------------------------------------|---------|----------|---------|---------|--------------------------------------
File                                     | % Stmts | % Branch | % Funcs | % Lines | Uncovered Line #s                    
-----------------------------------------|---------|----------|---------|---------|--------------------------------------
All files                                |   14.18 |     2.18 |    2.72 |   15.52 |                                      
 faculty-credit-system                   |   84.37 |       25 |      25 |   87.09 |                                      
  server.js                              |   92.85 |       50 |      50 |   92.85 | 58-59,122-123                        
  socket.js                              |      25 |        0 |       0 |   33.33 | 5-8                                  
 faculty-credit-system/Controllers       |    4.55 |     0.17 |       0 |    5.09 |                                      
  adminController.js                     |    2.05 |        0 |       0 |    2.38 | 19-22,30-1391,1405-1666              
  analyticsController.js                 |     6.1 |        0 |       0 |    6.83 | 6-35,41-86,91-127,132-172,177-231    
  authController.js                      |    3.77 |        0 |       0 |    3.93 | 22-1136                              
  cdnController.js                       |    12.5 |        0 |       0 |   13.15 | 16-103                               
  conversationController.js              |    8.69 |        0 |       0 |   10.41 | 15-67,77-109,120-139,148-167,178-243 
  creditController.js                    |    2.65 |        0 |       0 |    3.03 | 21-25,35-1029,1058-1140              
  healthController.js                    |    5.26 |        0 |       0 |    6.06 | 13-85,97-167                         
  notificationController.js              |   21.42 |        0 |       0 |   21.42 | 21-118                               
  pushController.js                      |   28.26 |    16.66 |       0 |   28.88 | 20-108                               
  reportController.js                    |     3.9 |        0 |       0 |    4.58 | 11-219                               
  searchController.js                    |    8.51 |        0 |       0 |    8.88 | 10-135                               
  userController.js                      |    5.21 |        0 |       0 |    5.63 | 33-493                               
 faculty-credit-system/Controllers/Admin |   10.63 |        0 |       0 |   12.26 |                                      
  CreditListController.js                |    6.32 |        0 |       0 |    7.24 | 10-151                               
  CreditManageController.js              |   16.17 |        0 |       0 |   19.29 | 18-161                               
  CreditTitleController.js               |    9.75 |        0 |       0 |   10.81 | 9-94                                 
 faculty-credit-system/Controllers/Auth  |   14.46 |        0 |       0 |   15.64 |                                      
  AuthenticationController.js            |   11.86 |        0 |       0 |    13.2 | 12-139                               
  BulkImportController.js                |   16.66 |        0 |       0 |   18.75 | 14-81                                
  MfaController.js                       |   21.42 |        0 |       0 |   23.07 | 5-33                                 
  PasswordController.js                  |      14 |        0 |       0 |   14.28 | 12-126                               
 faculty-credit-system/Middleware        |   62.82 |    52.83 |      60 |   62.66 |                                      
  apiKeyMiddleware.js                    |      20 |        0 |       0 |      20 | 8-19                                 
  authMiddleware.js                      |   80.76 |    72.72 |      80 |   83.33 | 36-39,44                             
  errorMiddleware.js                     |    12.5 |        0 |       0 |    12.5 | 3-12                                 
  ipIntelligenceMiddleware.js            |   83.33 |       80 |     100 |    82.6 | 22,52,58-59                          
  rateLimitMiddleware.js                 |     100 |      100 |     100 |     100 |                                      
  whatsappMiddleware.js                  |   28.57 |        0 |       0 |   28.57 | 2-13                                 
 faculty-credit-system/Models            |   21.48 |     5.64 |       0 |   23.77 |                                      
  Asset.js                               |   35.29 |       25 |       0 |   35.29 | 18-51                                
  Conversation.js                        |    22.5 |        0 |       0 |   25.35 | 55-67,74-180,187-207                 
  Credit.js                              |   16.66 |        0 |       0 |   19.23 | 10-56                                
  CreditTitle.js                         |      20 |        0 |       0 |   23.07 | 10-54                                
  PushSubscription.js                    |   26.31 |       25 |       0 |   26.31 | 13-63                                
  Session.js                             |      15 |     4.54 |       0 |   16.66 | 20-121                               
  ShortUrl.js                            |   28.57 |    33.33 |       0 |   28.57 | 19-73                                
  User.js                                |   18.18 |        0 |       0 |   21.42 | 19-113                               
 faculty-credit-system/Routes            |   94.11 |        0 |       0 |   95.23 |                                      
  adminRoutes.js                         |   85.71 |        0 |       0 |   88.23 | 46-51                                
  analyticsRoutes.js                     |     100 |      100 |     100 |     100 |                                      
  authRoutes.js                          |     100 |      100 |     100 |     100 |                                      
  cdnRoutes.js                           |     100 |      100 |     100 |     100 |                                      
  conversations.js                       |     100 |      100 |     100 |     100 |                                      
  creditRoutes.js                        |   83.87 |        0 |       0 |   86.66 | 33-38                                
  health.js                              |     100 |      100 |     100 |     100 |                                      
  notificationRoutes.js                  |     100 |      100 |     100 |     100 |                                      
  reportRoutes.js                        |     100 |      100 |     100 |     100 |                                      
  searchRoutes.js                        |     100 |      100 |     100 |     100 |                                      
  userRoutes.js                          |     100 |      100 |     100 |     100 |                                      
 faculty-credit-system/config            |   92.85 |       75 |     100 |     100 |                                      
  db.js                                  |   92.85 |       75 |     100 |     100 | 11                                   
 faculty-credit-system/utils             |   16.25 |     7.54 |    3.38 |    16.8 |                                      
  calculateCredits.js                    |   10.14 |        0 |       0 |    10.6 | 18-157                               
  email.js                               |   12.82 |    13.11 |       0 |   13.15 | 23-132                               
  fileUpload.js                          |    14.7 |        0 |       0 |   16.66 | 13-67                                
  firebase.js                            |   37.93 |     7.14 |       0 |   39.28 | 18-25,37-74                          
  generateID.js                          |      75 |    68.42 |     100 |     100 | 16,22-26                             
  githubUpload.js                        |   18.42 |     6.25 |       0 |   18.42 | 12-125                               
  mfa.js                                 |   33.33 |      100 |       0 |   33.33 | 7-37                                 
  notificationHelper.js                  |      20 |        0 |       0 |      20 | 24-133                               
  objectId.js                            |   66.66 |      100 |       0 |     100 |                                      
  pdfGenerator.js                        |    4.25 |        0 |       0 |    4.25 | 9-111                                
  reportUtils.js                         |    2.83 |        0 |       0 |    3.07 | 12-262                               
  uploadProfileImage.js                  |   14.28 |        0 |       0 |   15.38 | 10-28                                
  urlHelper.js                           |    37.5 |    14.28 |       0 |    37.5 | 17-45                                
  validation.js                          |     100 |      100 |     100 |     100 |                                      
  whatsapp.js                            |   22.22 |        0 |       0 |   22.22 | 17-52                                
-----------------------------------------|---------|----------|---------|---------|--------------------------------------

Test Suites: 4 passed, 4 total
Tests:       18 passed, 18 total
Snapshots:   0 total
Time:        6.363 s, estimated 22 s
Ran all test suites.
